
> mycolors@1.0.0 build
> vite build

[36mvite v6.4.1 [32mbuilding for production...[36m[39m
transforming...
[32mÔ£ô[39m 58 modules transformed.
rendering chunks...
computing gzip size...
[2mdist/[22m[32mindex.html                 [39m[1m[2m  4.57 kB[22m[1m[22m[2m Ôöé gzip:  1.69 kB[22m
[2mdist/[22m[35massets/index-DheAIU4-.css  [39m[1m[2m 66.20 kB[22m[1m[22m[2m Ôöé gzip:  9.46 kB[22m
[2mdist/[22m[36massets/index-Z1fX3C2C.js   [39m[1m[2m  1.81 kB[22m[1m[22m[2m Ôöé gzip:  0.90 kB[22m[2m Ôöé map:   7.93 kB[22m
[2mdist/[22m[36massets/index-DB9yXGTQ.js   [39m[1m[2m303.64 kB[22m[1m[22m[2m Ôöé gzip: 91.05 kB[22m[2m Ôöé map: 708.55 kB[22m
[32mÔ£ô built in 1.80s[39m
